post_job starting for title=Senior Electrician
Banner generated, size=134222
Registering upload with payload: {'registerUploadRequest': {'recipes': ['urn:li:digitalmediaRecipe:feedshare-image'], 'owner': 'urn:li:organization:135096713', 'serviceRelationships': [{'relationshipType': 'OWNER', 'identifier': 'urn:li:userGeneratedContent'}]}}
Register upload status=200, response={"value":{"mediaArtifact":"urn:li:digitalmediaMediaArtifact:(urn:li:digitalmediaAsset:D4D22AQFtTqOi9MH83w,urn:li:digitalmediaMediaArtifactClass:uploaded-image)","uploadMechanism":{"com.linkedin.digitalmedia.uploading.MediaUploadHttpRequest":{"uploadUrl":"https://www.linkedin.com/dms-uploads/sp/v2/D4D22AQFtTqOi9MH83w/uploaded-image/B4DZ.3skO_GYAA-/0?ca=vector_feedshare&cn=uploads&iri=B01-77&sync=0&v=beta&ut=0zFSZIdbIe4Yo1","headers":{"media-type-family":"STILLIMAGE"}}},"asset":"urn:li:digitalmediaAsset:D4D22AQFtTqOi9MH83w","assetRealTimeTopic":"urn:li-realtime:digitalmediaAssetUpdatesTopic:urn:li:digitalmediaAsset:D4D22AQFtTqOi9MH83w"}}
Uploading image to: https://www.linkedin.com/dms-uploads/sp/v2/D4D22AQFtTqOi9MH8...
Upload image status=201
post_job starting for title=Senior Electrician
Banner generated, size=134222
Registering upload with payload: {'registerUploadRequest': {'recipes': ['urn:li:digitalmediaRecipe:feedshare-image'], 'owner': 'urn:li:organization:135096713', 'serviceRelationships': [{'relationshipType': 'OWNER', 'identifier': 'urn:li:userGeneratedContent'}]}}
Register upload status=200, response={"value":{"mediaArtifact":"urn:li:digitalmediaMediaArtifact:(urn:li:digitalmediaAsset:D4D22AQFG9lbEv39axQ,urn:li:digitalmediaMediaArtifactClass:uploaded-image)","uploadMechanism":{"com.linkedin.digitalmedia.uploading.MediaUploadHttpRequest":{"uploadUrl":"https://www.linkedin.com/dms-uploads/sp/v2/D4D22AQFG9lbEv39axQ/uploaded-image/B4DZ.4azuDJ8AA-/0?ca=vector_feedshare&cn=uploads&iri=B01-77&sync=0&v=beta&ut=2tgMOqTAHo4Yo1","headers":{"media-type-family":"STILLIMAGE"}}},"asset":"urn:li:digitalmediaAsset:D4D22AQFG9lbEv39axQ","assetRealTimeTopic":"urn:li-realtime:digitalmediaAssetUpdatesTopic:urn:li:digitalmediaAsset:D4D22AQFG9lbEv39axQ"}}
Uploading image to: https://www.linkedin.com/dms-uploads/sp/v2/D4D22AQFG9lbEv39a...
Upload image status=201
post_job starting for title=Senior Electrician
Banner generated, size=134222
Registering upload with payload: {'registerUploadRequest': {'recipes': ['urn:li:digitalmediaRecipe:feedshare-image'], 'owner': 'urn:li:organization:135096713', 'serviceRelationships': [{'relationshipType': 'OWNER', 'identifier': 'urn:li:userGeneratedContent'}]}}
Register upload status=200, response={"value":{"mediaArtifact":"urn:li:digitalmediaMediaArtifact:(urn:li:digitalmediaAsset:D4D22AQH8gnAOCQ32Lg,urn:li:digitalmediaMediaArtifactClass:uploaded-image)","uploadMechanism":{"com.linkedin.digitalmedia.uploading.MediaUploadHttpRequest":{"uploadUrl":"https://www.linkedin.com/dms-uploads/sp/v2/D4D22AQH8gnAOCQ32Lg/uploaded-image/B4DZ.4zdcbIoAA-/0?ca=vector_feedshare&cn=uploads&iri=B01-77&sync=0&v=beta&ut=1iGgPlGt945co1","headers":{"media-type-family":"STILLIMAGE"}}},"asset":"urn:li:digitalmediaAsset:D4D22AQH8gnAOCQ32Lg","assetRealTimeTopic":"urn:li-realtime:digitalmediaAssetUpdatesTopic:urn:li:digitalmediaAsset:D4D22AQH8gnAOCQ32Lg"}}
Uploading image to: https://www.linkedin.com/dms-uploads/sp/v2/D4D22AQH8gnAOCQ32...
Upload image status=201
post_job starting for title=Senior Electrician
Banner generated, size=134222
Registering upload with payload: {'registerUploadRequest': {'recipes': ['urn:li:digitalmediaRecipe:feedshare-image'], 'owner': 'urn:li:organization:135096713', 'serviceRelationships': [{'relationshipType': 'OWNER', 'identifier': 'urn:li:userGeneratedContent'}]}}
Register upload status=200, response={"value":{"mediaArtifact":"urn:li:digitalmediaMediaArtifact:(urn:li:digitalmediaAsset:D4D22AQFM8Y4z5EwmmA,urn:li:digitalmediaMediaArtifactClass:uploaded-image)","uploadMechanism":{"com.linkedin.digitalmedia.uploading.MediaUploadHttpRequest":{"uploadUrl":"https://www.linkedin.com/dms-uploads/sp/v2/D4D22AQFM8Y4z5EwmmA/uploaded-image/B4DZ_HCZi7GkAA-/0?ca=vector_feedshare&cn=uploads&iri=B01-77&sync=0&v=beta&ut=3q0QCT-Kng8Yo1","headers":{"media-type-family":"STILLIMAGE"}}},"asset":"urn:li:digitalmediaAsset:D4D22AQFM8Y4z5EwmmA","assetRealTimeTopic":"urn:li-realtime:digitalmediaAssetUpdatesTopic:urn:li:digitalmediaAsset:D4D22AQFM8Y4z5EwmmA"}}
Uploading image to: https://www.linkedin.com/dms-uploads/sp/v2/D4D22AQFM8Y4z5Ewm...
Upload image status=201
